// Jest Snapshot v1, https://goo.gl/fbAQLP

exports[`AdminPanel test Snapshot ok 1`] = `ShallowWrapper {}`;
