// Jest Snapshot v1, https://goo.gl/fbAQLP

exports[`Header test Snapshot ok 1`] = `ShallowWrapper {}`;
