// Jest Snapshot v1, https://goo.gl/fbAQLP

exports[`Inventory test Inventory Snapshot ok 1`] = `ShallowWrapper {}`;
