// Jest Snapshot v1, https://goo.gl/fbAQLP

exports[`Order test Order Snapshot ok 1`] = `ShallowWrapper {}`;
